[    0.000000] Linux version 4.15.0-117-generic (buildd@lcy01-amd64-008) (gcc version 7.5.0 (Ubuntu 7.5.0-3ubuntu1~18.04)) #118-Ubuntu SMP Fri Sep 4 20:02:41 UTC 2020 (Ubuntu 4.15.0-117.118-generic 4.15.18)
[    0.000000] Command line: BOOT_IMAGE=/boot/vmlinuz-4.15.0-117-generic root=LABEL=cloudimg-rootfs ro console=tty1 console=ttyS0
[    0.000000] KERNEL supported cpus:
[    0.000000]   Intel GenuineIntel
[    0.000000]   AMD AuthenticAMD
[    0.000000]   Centaur CentaurHauls
[    0.000000] x86/fpu: Supporting XSAVE feature 0x001: 'x87 floating point registers'
[    0.000000] x86/fpu: Supporting XSAVE feature 0x002: 'SSE registers'
[    0.000000] x86/fpu: Supporting XSAVE feature 0x004: 'AVX registers'
[    0.000000] x86/fpu: xstate_offset[2]:  576, xstate_sizes[2]:  256
[    0.000000] x86/fpu: Enabled xstate features 0x7, context size is 832 bytes, using 'standard' format.
[    0.000000] e820: BIOS-provided physical RAM map:
[    0.000000] BIOS-e820: [mem 0x0000000000000000-0x000000000009fbff] usable
[    0.000000] BIOS-e820: [mem 0x000000000009fc00-0x000000000009ffff] reserved
[    0.000000] BIOS-e820: [mem 0x00000000000f0000-0x00000000000fffff] reserved
[    0.000000] BIOS-e820: [mem 0x0000000000100000-0x000000001ffeffff] usable
[    0.000000] BIOS-e820: [mem 0x000000001fff0000-0x000000001fffffff] ACPI data
[    0.000000] BIOS-e820: [mem 0x00000000fec00000-0x00000000fec00fff] reserved
[    0.000000] BIOS-e820: [mem 0x00000000fee00000-0x00000000fee00fff] reserved
[    0.000000] BIOS-e820: [mem 0x00000000fffc0000-0x00000000ffffffff] reserved
[    0.000000] NX (Execute Disable) protection: active
[    0.000000] SMBIOS 2.5 present.
[    0.000000] DMI: innotek GmbH VirtualBox/VirtualBox, BIOS VirtualBox 12/01/2006
[    0.000000] Hypervisor detected: KVM
[    0.000000] e820: last_pfn = 0x1fff0 max_arch_pfn = 0x400000000
[    0.000000] MTRR: Disabled
[    0.000000] x86/PAT: MTRRs disabled, skipping PAT initialization too.
[    0.000000] CPU MTRRs all blank - virtualized system.
[    0.000000] x86/PAT: Configuration [0-7]: WB  WT  UC- UC  WB  WT  UC- UC  
[    0.000000] found SMP MP-table at [mem 0x0009fff0-0x0009ffff]
[    0.000000] Scanning 1 areas for low memory corruption
[    0.000000] RAMDISK: [mem 0x1dbf8000-0x1eebcfff]
[    0.000000] ACPI: Early table checksum verification disabled
[    0.000000] ACPI: RSDP 0x00000000000E0000 000024 (v02 VBOX  )
[    0.000000] ACPI: XSDT 0x000000001FFF0030 00003C (v01 VBOX   VBOXXSDT 00000001 ASL  00000061)
[    0.000000] ACPI: FACP 0x000000001FFF00F0 0000F4 (v04 VBOX   VBOXFACP 00000001 ASL  00000061)
[    0.000000] ACPI: DSDT 0x000000001FFF0470 002325 (v02 VBOX   VBOXBIOS 00000002 INTL 20190509)
[    0.000000] ACPI: FACS 0x000000001FFF0200 000040
[    0.000000] ACPI: FACS 0x000000001FFF0200 000040
[    0.000000] ACPI: APIC 0x000000001FFF0240 000054 (v02 VBOX   VBOXAPIC 00000001 ASL  00000061)
[    0.000000] ACPI: SSDT 0x000000001FFF02A0 0001CC (v01 VBOX   VBOXCPUT 00000002 INTL 20190509)
[    0.000000] No NUMA configuration found
[    0.000000] Faking a node at [mem 0x0000000000000000-0x000000001ffeffff]
[    0.000000] NODE_DATA(0) allocated [mem 0x1ffc5000-0x1ffeffff]
[    0.000000] kvm-clock: cpu 0, msr 0:1ff44001, primary cpu clock
[    0.000000] kvm-clock: Using msrs 4b564d01 and 4b564d00
[    0.000000] kvm-clock: using sched offset of 3943512291 cycles
[    0.000000] clocksource: kvm-clock: mask: 0xffffffffffffffff max_cycles: 0x1cd42e4dffb, max_idle_ns: 881590591483 ns
[    0.000000] Zone ranges:
[    0.000000]   DMA      [mem 0x0000000000001000-0x0000000000ffffff]
[    0.000000]   DMA32    [mem 0x0000000001000000-0x000000001ffeffff]
[    0.000000]   Normal   empty
[    0.000000]   Device   empty
[    0.000000] Movable zone start for each node
[    0.000000] Early memory node ranges
[    0.000000]   node   0: [mem 0x0000000000001000-0x000000000009efff]
[    0.000000]   node   0: [mem 0x0000000000100000-0x000000001ffeffff]
[    0.000000] Reserved but unavailable: 98 pages
[    0.000000] Initmem setup node 0 [mem 0x0000000000001000-0x000000001ffeffff]
[    0.000000] ACPI: PM-Timer IO Port: 0x4008
[    0.000000] IOAPIC[0]: apic_id 1, version 32, address 0xfec00000, GSI 0-23
[    0.000000] ACPI: INT_SRC_OVR (bus 0 bus_irq 0 global_irq 2 dfl dfl)
[    0.000000] ACPI: INT_SRC_OVR (bus 0 bus_irq 9 global_irq 9 low level)
[    0.000000] Using ACPI (MADT) for SMP configuration information
[    0.000000] smpboot: Allowing 1 CPUs, 0 hotplug CPUs
[    0.000000] PM: Registered nosave memory: [mem 0x00000000-0x00000fff]
[    0.000000] PM: Registered nosave memory: [mem 0x0009f000-0x0009ffff]
[    0.000000] PM: Registered nosave memory: [mem 0x000a0000-0x000effff]
[    0.000000] PM: Registered nosave memory: [mem 0x000f0000-0x000fffff]
[    0.000000] e820: [mem 0x20000000-0xfebfffff] available for PCI devices
[    0.000000] Booting paravirtualized kernel on KVM
[    0.000000] clocksource: refined-jiffies: mask: 0xffffffff max_cycles: 0xffffffff, max_idle_ns: 7645519600211568 ns
[    0.000000] random: get_random_bytes called from start_kernel+0x99/0x500 with crng_init=0
[    0.000000] setup_percpu: NR_CPUS:8192 nr_cpumask_bits:1 nr_cpu_ids:1 nr_node_ids:1
[    0.000000] percpu: Embedded 45 pages/cpu s147456 r8192 d28672 u2097152
[    0.000000] PV qspinlock hash table entries: 256 (order: 0, 4096 bytes)
[    0.000000] Built 1 zonelists, mobility grouping on.  Total pages: 128889
[    0.000000] Policy zone: DMA32
[    0.000000] Kernel command line: BOOT_IMAGE=/boot/vmlinuz-4.15.0-117-generic root=LABEL=cloudimg-rootfs ro console=tty1 console=ttyS0
[    0.000000] Memory: 467112K/523832K available (12300K kernel code, 2481K rwdata, 4272K rodata, 2436K init, 2724K bss, 56720K reserved, 0K cma-reserved)
[    0.000000] SLUB: HWalign=64, Order=0-3, MinObjects=0, CPUs=1, Nodes=1
[    0.000000] Kernel/User page tables isolation: enabled
[    0.000000] ftrace: allocating 39392 entries in 154 pages
[    0.004000] Hierarchical RCU implementation.
[    0.004000] 	RCU restricting CPUs from NR_CPUS=8192 to nr_cpu_ids=1.
[    0.004000] 	Tasks RCU enabled.
[    0.004000] RCU: Adjusting geometry for rcu_fanout_leaf=16, nr_cpu_ids=1
[    0.004000] NR_IRQS: 524544, nr_irqs: 256, preallocated irqs: 16
[    0.004000] Console: colour VGA+ 80x25
[    0.004000] console [tty1] enabled
[    0.004000] console [ttyS0] enabled
[    0.004000] ACPI: Core revision 20170831
[    0.004000] ACPI: 2 ACPI AML tables successfully acquired and loaded
[    0.004000] APIC: Switch to symmetric I/O mode setup
[    0.004000] x2apic enabled
[    0.004000] Switched APIC routing to physical x2apic.
[    0.004000] ..TIMER: vector=0x30 apic1=0 pin1=2 apic2=-1 pin2=-1
[    0.004005] tsc: Detected 2400.008 MHz processor
[    0.004761] Calibrating delay loop (skipped) preset value.. 4800.01 BogoMIPS (lpj=9600032)
[    0.005510] pid_max: default: 32768 minimum: 301
[    0.006306] Security Framework initialized
[    0.008003] Yama: becoming mindful.
[    0.008623] AppArmor: AppArmor initialized
[    0.009401] Dentry cache hash table entries: 65536 (order: 7, 524288 bytes)
[    0.010877] Inode-cache hash table entries: 32768 (order: 6, 262144 bytes)
[    0.012015] Mount-cache hash table entries: 1024 (order: 1, 8192 bytes)
[    0.013373] Mountpoint-cache hash table entries: 1024 (order: 1, 8192 bytes)
[    0.014998] process: using mwait in idle threads
[    0.016011] Last level iTLB entries: 4KB 64, 2MB 8, 4MB 8
[    0.017158] Last level dTLB entries: 4KB 64, 2MB 0, 4MB 0, 1GB 4
[    0.020009] Spectre V1 : Mitigation: usercopy/swapgs barriers and __user pointer sanitization
[    0.022011] Spectre V2 : Mitigation: Full generic retpoline
[    0.024007] Spectre V2 : Spectre v2 / SpectreRSB mitigation: Filling RSB on context switch
[    0.025770] Speculative Store Bypass: Vulnerable
[    0.028058] SRBDS: Unknown: Dependent on hypervisor status
[    0.028956] MDS: Mitigation: Clear CPU buffers
[    0.048038] Freeing SMP alternatives memory: 36K
[    0.159435] smpboot: CPU0: Intel(R) Core(TM) i5-6200U CPU @ 2.30GHz (family: 0x6, model: 0x4e, stepping: 0x3)
[    0.160000] Performance Events: unsupported p6 CPU model 78 no PMU driver, software events only.
[    0.160106] Hierarchical SRCU implementation.
[    0.162408] NMI watchdog: Perf event create on CPU 0 failed with -2
[    0.164006] NMI watchdog: Perf NMI watchdog permanently disabled
[    0.165233] smp: Bringing up secondary CPUs ...
[    0.166161] smp: Brought up 1 node, 1 CPU
[    0.166987] smpboot: Max logical packages: 1
[    0.168004] smpboot: Total of 1 processors activated (4800.01 BogoMIPS)
[    0.169481] devtmpfs: initialized
[    0.170206] x86/mm: Memory block size: 128MB
[    0.171075] evm: security.selinux
[    0.172006] evm: security.SMACK64
[    0.172587] evm: security.SMACK64EXEC
[    0.173230] evm: security.SMACK64TRANSMUTE
[    0.173917] evm: security.SMACK64MMAP
[    0.174551] evm: security.apparmor
[    0.175539] evm: security.ima
[    0.176007] evm: security.capability
[    0.176779] clocksource: jiffies: mask: 0xffffffff max_cycles: 0xffffffff, max_idle_ns: 7645041785100000 ns
[    0.178638] futex hash table entries: 256 (order: 2, 16384 bytes)
[    0.180123] pinctrl core: initialized pinctrl subsystem
[    0.181583] RTC time:  1:52:10, date: 09/25/20
[    0.182572] NET: Registered protocol family 16
[    0.184105] audit: initializing netlink subsys (disabled)
[    0.185512] cpuidle: using governor ladder
[    0.186906] cpuidle: using governor menu
[    0.188078] ACPI: bus type PCI registered
[    0.188904] acpiphp: ACPI Hot Plug PCI Controller Driver version: 0.5
[    0.190318] PCI: Using configuration type 1 for base access
[    0.191520] audit: type=2000 audit(1600998736.087:1): state=initialized audit_enabled=0 res=1
[    0.193470] HugeTLB registered 2.00 MiB page size, pre-allocated 0 pages
[    0.196231] ACPI: Added _OSI(Module Device)
[    0.197110] ACPI: Added _OSI(Processor Device)
[    0.198031] ACPI: Added _OSI(3.0 _SCP Extensions)
[    0.199172] ACPI: Added _OSI(Processor Aggregator Device)
[    0.200020] ACPI: Added _OSI(Linux-Dell-Video)
[    0.200865] ACPI: Added _OSI(Linux-Lenovo-NV-HDMI-Audio)
[    0.201750] ACPI: Added _OSI(Linux-HPI-Hybrid-Graphics)
[    0.204368] ACPI: Executed 1 blocks of module-level executable AML code
[    0.209524] ACPI: Interpreter enabled
[    0.210237] ACPI: (supports S0 S5)
[    0.210829] ACPI: Using IOAPIC for interrupt routing
[    0.211915] PCI: Using host bridge windows from ACPI; if necessary, use "pci=nocrs" and report a bug
[    0.212163] ACPI: Enabled 2 GPEs in block 00 to 07
[    0.221792] ACPI: PCI Root Bridge [PCI0] (domain 0000 [bus 00-ff])
[    0.223079] acpi PNP0A03:00: _OSC: OS supports [ASPM ClockPM Segments MSI]
[    0.224717] acpi PNP0A03:00: _OSC: not requesting OS control; OS requires [ExtendedConfig ASPM ClockPM MSI]
[    0.226765] acpi PNP0A03:00: fail to add MMCONFIG information, can't access extended PCI configuration space under this bridge.
[    0.228652] PCI host bridge to bus 0000:00
[    0.229617] pci_bus 0000:00: root bus resource [io  0x0000-0x0cf7 window]
[    0.230721] pci_bus 0000:00: root bus resource [io  0x0d00-0xffff window]
[    0.232005] pci_bus 0000:00: root bus resource [mem 0x000a0000-0x000bffff window]
[    0.233795] pci_bus 0000:00: root bus resource [mem 0x20000000-0xfdffffff window]
[    0.235243] pci_bus 0000:00: root bus resource [bus 00-ff]
[    0.237898] pci 0000:00:01.1: legacy IDE quirk: reg 0x10: [io  0x01f0-0x01f7]
[    0.240004] pci 0000:00:01.1: legacy IDE quirk: reg 0x14: [io  0x03f6]
[    0.241359] pci 0000:00:01.1: legacy IDE quirk: reg 0x18: [io  0x0170-0x0177]
[    0.243361] pci 0000:00:01.1: legacy IDE quirk: reg 0x1c: [io  0x0376]
[    0.259205] pci 0000:00:07.0: quirk: [io  0x4000-0x403f] claimed by PIIX4 ACPI
[    0.260034] pci 0000:00:07.0: quirk: [io  0x4100-0x410f] claimed by PIIX4 SMB
[    0.268777] ACPI: PCI Interrupt Link [LNKA] (IRQs 5 9 10 *11)
[    0.270113] ACPI: PCI Interrupt Link [LNKB] (IRQs 5 9 *10 11)
[    0.271197] ACPI: PCI Interrupt Link [LNKC] (IRQs 5 *9 10 11)
[    0.272095] ACPI: PCI Interrupt Link [LNKD] (IRQs 5 9 10 *11)
[    0.273570] SCSI subsystem initialized
[    0.274539] pci 0000:00:02.0: vgaarb: setting as boot VGA device
[    0.275786] pci 0000:00:02.0: vgaarb: VGA device added: decodes=io+mem,owns=io+mem,locks=none
[    0.276007] pci 0000:00:02.0: vgaarb: bridge control possible
[    0.277216] vgaarb: loaded
[    0.277851] ACPI: bus type USB registered
[    0.280036] usbcore: registered new interface driver usbfs
[    0.281544] usbcore: registered new interface driver hub
[    0.282967] usbcore: registered new device driver usb
[    0.284108] EDAC MC: Ver: 3.0.0
[    0.285159] PCI: Using ACPI for IRQ routing
[    0.286367] NetLabel: Initializing
[    0.288005] NetLabel:  domain hash size = 128
[    0.288879] NetLabel:  protocols = UNLABELED CIPSOv4 CALIPSO
[    0.290025] NetLabel:  unlabeled traffic allowed by default
[    0.291326] clocksource: Switched to clocksource kvm-clock
[    0.302143] VFS: Disk quotas dquot_6.6.0
[    0.303098] VFS: Dquot-cache hash table entries: 512 (order 0, 4096 bytes)
[    0.304475] AppArmor: AppArmor Filesystem Enabled
[    0.305395] pnp: PnP ACPI init
[    0.307008] pnp: PnP ACPI: found 3 devices
[    0.313691] clocksource: acpi_pm: mask: 0xffffff max_cycles: 0xffffff, max_idle_ns: 2085701024 ns
[    0.318984] NET: Registered protocol family 2
[    0.320070] TCP established hash table entries: 4096 (order: 3, 32768 bytes)
[    0.322188] TCP bind hash table entries: 4096 (order: 4, 65536 bytes)
[    0.323593] TCP: Hash tables configured (established 4096 bind 4096)
[    0.324916] UDP hash table entries: 256 (order: 1, 8192 bytes)
[    0.326038] UDP-Lite hash table entries: 256 (order: 1, 8192 bytes)
[    0.327307] NET: Registered protocol family 1
[    0.328321] pci 0000:00:00.0: Limiting direct PCI/PCI transfers
[    0.330078] pci 0000:00:01.0: Activating ISA DMA hang workarounds
[    0.331196] pci 0000:00:02.0: Video device with shadowed ROM at [mem 0x000c0000-0x000dffff]
[    0.332776] Unpacking initramfs...
[    0.688908] Freeing initrd memory: 19220K
[    0.693797] clocksource: tsc: mask: 0xffffffffffffffff max_cycles: 0x22983f10a64, max_idle_ns: 440795218721 ns
[    0.695763] platform rtc_cmos: registered platform RTC device (no PNP device found)
[    0.697095] Scanning for low memory corruption every 60 seconds
[    0.698683] Initialise system trusted keyrings
[    0.699488] Key type blacklist registered
[    0.700285] workingset: timestamp_bits=36 max_order=17 bucket_order=0
[    0.702380] zbud: loaded
[    0.703365] squashfs: version 4.0 (2009/01/31) Phillip Lougher
[    0.704740] fuse init (API version 7.26)
[    0.706219] Key type asymmetric registered
[    0.706945] Asymmetric key parser 'x509' registered
[    0.707840] Block layer SCSI generic (bsg) driver version 0.4 loaded (major 246)
[    0.709158] io scheduler noop registered
[    0.709826] io scheduler deadline registered
[    0.710578] io scheduler cfq registered (default)
[    0.711757] ACPI: AC Adapter [AC] (on-line)
[    0.712786] input: Power Button as /devices/LNXSYSTM:00/LNXPWRBN:00/input/input0
[    0.714925] ACPI: Power Button [PWRF]
[    0.718650] input: Sleep Button as /devices/LNXSYSTM:00/LNXSLPBN:00/input/input1
[    0.721225] ACPI: Sleep Button [SLPF]
[    0.724081] ACPI: Battery Slot [BAT0] (battery present)
[    0.726035] Serial: 8250/16550 driver, 32 ports, IRQ sharing enabled
[    0.749843] 00:02: ttyS0 at I/O 0x3f8 (irq = 4, base_baud = 115200) is a 16550A
[    0.754836] Linux agpgart interface v0.103
[    0.757676] loop: module loaded
[    0.759691] scsi host0: ata_piix
[    0.761001] scsi host1: ata_piix
[    0.762193] ata1: PATA max UDMA/33 cmd 0x1f0 ctl 0x3f6 bmdma 0xd000 irq 14
[    0.764611] ata2: PATA max UDMA/33 cmd 0x170 ctl 0x376 bmdma 0xd008 irq 15
[    0.767503] libphy: Fixed MDIO Bus: probed
[    0.768889] tun: Universal TUN/TAP device driver, 1.6
[    0.770532] PPP generic driver version 2.4.2
[    0.772158] ehci_hcd: USB 2.0 'Enhanced' Host Controller (EHCI) Driver
[    0.774843] ehci-pci: EHCI PCI platform driver
[    0.775819] ehci-platform: EHCI generic platform driver
[    0.776921] ohci_hcd: USB 1.1 'Open' Host Controller (OHCI) Driver
[    0.778333] ohci-pci: OHCI PCI platform driver
[    0.779466] ohci-platform: OHCI generic platform driver
[    0.784048] uhci_hcd: USB Universal Host Controller Interface driver
[    0.785701] i8042: PNP: PS/2 Controller [PNP0303:PS2K,PNP0f03:PS2M] at 0x60,0x64 irq 1,12
[    0.788903] serio: i8042 KBD port at 0x60,0x64 irq 1
[    0.790615] serio: i8042 AUX port at 0x60,0x64 irq 12
[    0.792035] mousedev: PS/2 mouse device common for all mice
[    0.795000] input: AT Translated Set 2 keyboard as /devices/platform/i8042/serio0/input/input2
[    0.797761] rtc_cmos rtc_cmos: rtc core: registered rtc_cmos as rtc0
[    0.799353] rtc_cmos rtc_cmos: alarms up to one day, 114 bytes nvram
[    0.800879] i2c /dev entries driver
[    0.801985] device-mapper: uevent: version 1.0.3
[    0.803124] device-mapper: ioctl: 4.37.0-ioctl (2017-09-20) initialised: dm-devel@redhat.com
[    0.805263] ledtrig-cpu: registered to indicate activity on CPUs
[    0.806834] intel_pmc_core:  initialized
[    0.808034] NET: Registered protocol family 10
[    0.813179] Segment Routing with IPv6
[    0.815157] NET: Registered protocol family 17
[    0.817697] Key type dns_resolver registered
[    0.820018] mce: Using 0 MCE banks
[    0.821506] RAS: Correctable Errors collector initialized.
[    0.825293] sched_clock: Marking stable (825224109, 0)->(995503233, -170279124)
[    0.827695] registered taskstats version 1
[    0.828966] Loading compiled-in X.509 certificates
[    0.833690] Loaded X.509 cert 'Build time autogenerated kernel key: 993aedfcb7091aab7364eeb95e85a8dab512d887'
[    0.836250] zswap: loaded using pool lzo/zbud
[    0.841573] Key type big_key registered
[    0.843418] Key type trusted registered
[    0.846434] Key type encrypted registered
[    0.847617] AppArmor: AppArmor sha1 policy hashing enabled
[    0.853047] ima: No TPM chip found, activating TPM-bypass! (rc=-19)
[    0.854389] ima: Allocated hash algorithm: sha1
[    0.855415] evm: HMAC attrs: 0x1
[    0.856639]   Magic number: 4:340:863
[    0.857954] rtc_cmos rtc_cmos: setting system clock to 2020-09-25 01:52:10 UTC (1600998730)
[    0.860335] BIOS EDD facility v0.16 2004-Jun-25, 0 devices found
[    0.861725] EDD information not available.
[    0.950988] Freeing unused kernel image memory: 2436K
[    0.960093] Write protecting the kernel read-only data: 20480k
[    0.961775] Freeing unused kernel image memory: 2008K
[    0.962959] Freeing unused kernel image memory: 1872K
[    0.972075] x86/mm: Checked W+X mappings: passed, no W+X pages found.
[    0.973289] x86/mm: Checking user space page tables
[    0.983498] x86/mm: Checked W+X mappings: passed, no W+X pages found.
Loading, please wait...
starting version 237
[    1.101293] e1000: Intel(R) PRO/1000 Network Driver - version 7.3.21-k8-NAPI
[    1.102871] e1000: Copyright (c) 1999-2006 Intel Corporation.
[    1.108612] Fusion MPT base driver 3.04.20
[    1.109443] Copyright (c) 1999-2008 LSI Corporation
[    1.126366] Fusion MPT SPI Host driver 3.04.20
[    1.150710] mptbase: ioc0: Initiating bringup
[    1.170460] AVX2 version of gcm_enc/dec engaged.
[    1.171717] AES CTR mode by8 optimization enabled
[    1.260282] ioc0: LSI53C1030 A0: Capabilities={Initiator}
[    1.329902] input: ImExPS/2 Generic Explorer Mouse as /devices/platform/i8042/serio1/input/input4
[    1.502091] scsi host2: ioc0: LSI53C1030 A0, FwRev=00000000h, Ports=1, MaxQ=256, IRQ=20
[    1.668646] scsi 2:0:0:0: Direct-Access     VBOX     HARDDISK         1.0  PQ: 0 ANSI: 5
[    1.670732] scsi target2:0:0: Beginning Domain Validation
[    1.676417] random: fast init done
[    1.680881] scsi target2:0:0: Domain Validation skipping write tests
[    1.683192] scsi target2:0:0: Ending Domain Validation
[    1.684861] scsi target2:0:0: asynchronous
[    1.687471] scsi 2:0:1:0: Direct-Access     VBOX     HARDDISK         1.0  PQ: 0 ANSI: 5
[    1.690081] scsi target2:0:1: Beginning Domain Validation
[    1.693366] scsi target2:0:1: Domain Validation skipping write tests
[    1.694958] scsi target2:0:1: Ending Domain Validation
[    1.696457] scsi target2:0:1: asynchronous
[    1.701700] random: systemd-udevd: uninitialized urandom read (16 bytes read)
[    1.704347] random: systemd-udevd: uninitialized urandom read (16 bytes read)
[    1.706190] sd 2:0:0:0: [sda] 20971520 512-byte logical blocks: (10.7 GB/10.0 GiB)
[    1.707667] sd 2:0:0:0: [sda] Write Protect is off
[    1.708880] sd 2:0:0:0: Attached scsi generic sg0 type 0
[    1.709983] sd 2:0:0:0: [sda] Incomplete mode parameter data
[    1.711427] sd 2:0:0:0: [sda] Assuming drive cache: write through
[    1.717363] sd 2:0:1:0: [sdb] 20480 512-byte logical blocks: (10.5 MB/10.0 MiB)
[    1.724117] sd 2:0:1:0: Attached scsi generic sg1 type 0
[    1.725757] random: systemd-udevd: uninitialized urandom read (16 bytes read)
[    1.732762] sd 2:0:1:0: [sdb] Write Protect is off
[    1.733825] sd 2:0:1:0: [sdb] Incomplete mode parameter data
[    1.735239] sd 2:0:1:0: [sdb] Assuming drive cache: write through
[    1.736485]  sda: sda1
[    1.737494] sd 2:0:0:0: [sda] Attached SCSI disk
[    1.790572] sd 2:0:1:0: [sdb] Attached SCSI disk
[    2.116919] e1000 0000:00:03.0 eth0: (PCI:33MHz:32-bit) 02:aa:c1:7f:62:79
[    2.118431] e1000 0000:00:03.0 eth0: Intel(R) PRO/1000 Network Connection
[    2.501359] e1000 0000:00:08.0 eth1: (PCI:33MHz:32-bit) 08:00:27:b2:4c:5c
[    2.502643] e1000 0000:00:08.0 eth1: Intel(R) PRO/1000 Network Connection
[    2.504928] e1000 0000:00:08.0 enp0s8: renamed from eth1
[    2.507735] e1000 0000:00:03.0 enp0s3: renamed from eth0
Begin: Loading essential drivers ... [    4.037407] raid6: sse2x1   gen()  8306 MB/s
[    4.097212] raid6: sse2x1   xor()  5916 MB/s
[    4.145557] raid6: sse2x2   gen()  9444 MB/s
[    4.204559] raid6: sse2x2   xor()  6931 MB/s
[    4.262018] raid6: sse2x4   gen()  9103 MB/s
[    4.313243] raid6: sse2x4   xor()  6316 MB/s
[    4.372090] raid6: avx2x1   gen() 15113 MB/s
[    4.424982] raid6: avx2x1   xor()  9423 MB/s
[    4.480151] raid6: avx2x2   gen() 20482 MB/s
[    4.538265] raid6: avx2x2   xor() 11750 MB/s
[    4.597381] raid6: avx2x4   gen() 23685 MB/s
[    4.656192] raid6: avx2x4   xor() 14260 MB/s
[    4.657237] raid6: using algorithm avx2x4 gen() 23685 MB/s
[    4.658198] raid6: .... xor() 14260 MB/s, rmw enabled
[    4.659404] raid6: using avx2x2 recovery algorithm
[    4.663545] xor: automatically using best checksumming function   avx       
[    4.667741] async_tx: api initialized (async)
done.
Begin: Running /scripts/init-premount ... done.
Begin: Mounting root file system ... Begin: Running /scripts/local-top ... done.
Begin: Running /scripts/local-premount ... [    4.740095] Btrfs loaded, crc32c=crc32c-intel
Scanning for Btrfs filesystems
done.
Warning: fsck not present, so skipping root file system
[    4.796059] EXT4-fs (sda1): mounted filesystem with ordered data mode. Opts: (null)
done.
Begin: Running /scripts/local-bottom ... done.
Begin: Running /scripts/init-bottom ... done.
[    5.753599] ip_tables: (C) 2000-2006 Netfilter Core Team
[    5.850629] systemd[1]: systemd 237 running in system mode. (+PAM +AUDIT +SELINUX +IMA +APPARMOR +SMACK +SYSVINIT +UTMP +LIBCRYPTSETUP +GCRYPT +GNUTLS +ACL +XZ +LZ4 +SECCOMP +BLKID +ELFUTILS +KMOD -IDN2 +IDN -PCRE2 default-hierarchy=hybrid)
[    5.861001] systemd[1]: Detected virtualization oracle.
[    5.863915] systemd[1]: Detected architecture x86-64.

Welcome to [1mUbuntu 18.04.5 LTS[0m!

[    5.910722] systemd[1]: Set hostname to <ubuntu>.
[    5.946004] systemd[1]: Initializing machine ID from random generator.
[    5.949277] systemd[1]: Installed transient /etc/machine-id file.
[    6.948965] random: crng init done
[    6.950610] random: 7 urandom warning(s) missed due to ratelimiting
[    7.260236] systemd[1]: Created slice System Slice.
[[0;32m  OK  [0m] Created slice System Slice.
[    7.264710] systemd[1]: Created slice system-serial\x2dgetty.slice.
[[0;32m  OK  [0m] Created slice system-serial\x2dgetty.slice.
[    7.268842] systemd[1]: Listening on Network Service Netlink Socket.
[[0;32m  OK  [0m] Listening on Network Service Netlink Socket.
[    7.276304] systemd[1]: Reached target System Time Synchronized.
[[0;32m  OK  [0m] Reached target System Time Synchronized.
[[0;32m  OK  [0m] Started Forward Password Requests to Wall Directory Watch.
[[0;32m  OK  [0m] Reached target User and Group Name Lookups.
[[0;32m  OK  [0m] Listening on LVM2 metadata daemon socket.
[[0;32m  OK  [0m] Set up automount Arbitrary Executabâ€¦rmats File System Automount Point.
[[0;32m  OK  [0m] Listening on LVM2 poll daemon socket.
[[0;32m  OK  [0m] Listening on /dev/initctl Compatibility Named Pipe.
[[0;32m  OK  [0m] Listening on Journal Audit Socket.
[[0;32m  OK  [0m] Created slice User and Session Slice.
[[0;32m  OK  [0m] Reached target Slices.
[[0;32m  OK  [0m] Listening on Journal Socket (/dev/log).
[[0;32m  OK  [0m] Listening on Journal Socket.
         Starting Create list of required stâ€¦ce nodes for the current kernel...
         Starting Set the console keyboard layout...
         Starting Uncomplicated firewall...
         Mounting POSIX Message Queue File System...
         Mounting Kernel Debug File System...
         Starting Remount Root and Kernel File Systems...
[[0;32m  OK  [0m] Listening on udev Kernel Socket.
[[0;32m  OK  [0m] Listening on Device-mapper event daemon FIFOs.
         Starting Load Kernel Modules...
         Starting Monitoring of LVM2 mirrorsâ€¦ng dmeventd or progress polling...
[[0;32m  OK  [0m] Listening on udev Control Socket.
         Starting udev Coldplug all Devices...
         Mounting Huge Pages File System...
[[0;32m  OK  [0m] Reached target Swap.
[[0;32m  OK  [0m] Listening on Syslog Socket.
[    7.421265] EXT4-fs (sda1): re-mounted. Opts: (null)
         Starting Journal Service...
[[0;32m  OK  [0m] Started Create list of required staâ€¦vice nodes for the current kernel.
[[0;32m  OK  [0m] Started Uncomplicated firewall.
[[0;32m  OK  [0m] Mounted POSIX Message Queue File System.
[[0;32m  OK  [0m] Mounted Kernel Debug File System.
[[0;32m  OK  [0m] Started Remount Root and Kernel File Systems.
[[0;32m  OK  [0m] Mounted Huge Pages File System.
         Starting Load/Save Random Seed...
         Starting Create Static Device Nodes in /dev...
[[0;32m  OK  [0m] Started Journal Service.
         Starting Flush Journal to Persistent Storage...
[    7.727923] Loading iSCSI transport class v2.0-870.
[[0;32m  OK  [0m] Started udev Coldplug all Devices.
[    7.873545] systemd-journald[396]: Received request to flush runtime journal from PID 1
[[0;32m  OK  [0m] Started Load/Save Random Seed.
[    7.912959] iscsi: registered transport (tcp)
[[0;32m  OK  [0m] Started LVM2 metadata daemon.
[[0;32m  OK  [0m] Started Set the console keyboard layout.
[[0;32m  OK  [0m] Started Create Static Device Nodes in /dev.
         Starting udev Kernel Device Manager...
[    8.181946] iscsi: registered transport (iser)
[[0;32m  OK  [0m] Started Load Kernel Modules.
         Mounting FUSE Control File System...
         Starting Apply Kernel Variables...
         Mounting Kernel Configuration File System...
[[0;32m  OK  [0m] Mounted FUSE Control File System.
[[0;32m  OK  [0m] Mounted Kernel Configuration File System.
[[0;32m  OK  [0m] Started Monitoring of LVM2 mirrors,â€¦sing dmeventd or progress polling.
[[0;32m  OK  [0m] Reached target Local File Systems (Pre).
[[0;32m  OK  [0m] Reached target Local File Systems.
         Starting Commit a transient machine-id on disk...
         Starting ebtables ruleset management...
         Starting AppArmor initialization...
         Starting Set console font and keymap...
         Starting Tell Plymouth To Write Out Runtime Data...
[[0;32m  OK  [0m] Started Flush Journal to Persistent Storage.
         Starting Create Volatile Files and Directories...
[[0;32m  OK  [0m] Started Set console font and keymap.
[[0;32m  OK  [0m] Started Tell Plymouth To Write Out Runtime Data.
[[0;32m  OK  [0m] Started Commit a transient machine-id on disk.
[[0;32m  OK  [0m] Started Apply Kernel Variables.
[[0;32m  OK  [0m] Started udev Kernel Device Manager.
[[0;32m  OK  [0m] Started Dispatch Password Requests to Console Directory Watch.
[[0;32m  OK  [0m] Reached target Local Encrypted Volumes.
[[0;32m  OK  [0m] Started Create Volatile Files and Directories.
         Starting Update UTMP about System Boot/Shutdown...
[[0;32m  OK  [0m] Started Update UTMP about System Boot/Shutdown.
[[0;32m  OK  [0m] Started ebtables ruleset management.
[[0;32m  OK  [0m] Found device /dev/ttyS0.
[[0;32m  OK  [0m] Listening on Load/Save RF Kill Switch Status /dev/rfkill Watch.
[[0;32m  OK  [0m] Started AppArmor initialization.
         Starting Initial cloud-init job (pre-networking)...
         Starting Load AppArmor profiles managed internally by snapd...
[[0;32m  OK  [0m] Started Load AppArmor profiles managed internally by snapd.
[   16.214219] cloud-init[543]: Cloud-init v. 20.2-45-g5f7825e2-0ubuntu1~18.04.1 running 'init-local' at Fri, 25 Sep 2020 01:52:25 +0000. Up 15.47 seconds.
[[0;32m  OK  [0m] Started Initial cloud-init job (pre-networking).
[[0;32m  OK  [0m] Reached target Network (Pre).
         Starting Network Service...
[[0;32m  OK  [0m] Started Network Service.
         Starting Network Name Resolution...
         Starting Wait for Network to be Configured...
[[0;32m  OK  [0m] Started Network Name Resolution.
[[0;32m  OK  [0m] Reached target Host and Network Name Lookups.
[[0;32m  OK  [0m] Reached target Network.
[[0;32m  OK  [0m] Started Wait for Network to be Configured.
         Starting Initial cloud-init job (metadata service crawler)...
[   18.906700] cloud-init[663]: Cloud-init v. 20.2-45-g5f7825e2-0ubuntu1~18.04.1 running 'init' at Fri, 25 Sep 2020 01:52:28 +0000. Up 18.70 seconds.
[   18.910580] cloud-init[663]: ci-info: ++++++++++++++++++++++++++++++++++++++Net device info+++++++++++++++++++++++++++++++++++++++
[   18.912851] cloud-init[663]: ci-info: +--------+-------+----------------------------+---------------+--------+-------------------+
[   18.914818] cloud-init[663]: ci-info: | Device |   Up  |          Address           |      Mask     | Scope  |     Hw-Address    |
[   18.919481] cloud-init[663]: ci-info: +--------+-------+----------------------------+---------------+--------+-------------------+
[   18.922697] cloud-init[663]: ci-info: | enp0s3 |  True |         10.0.2.15          | 255.255.255.0 | global | 02:aa:c1:7f:62:79 |
[   18.924351] cloud-init[663]: ci-info: | enp0s3 |  True | fe80::aa:c1ff:fe7f:6279/64 |       .       |  link  | 02:aa:c1:7f:62:79 |
[   18.925651] cloud-init[663]: ci-info: | enp0s8 | False |             .              |       .       |   .    | 08:00:27:b2:4c:5c |
[   18.927206] cloud-init[663]: ci-info: |   lo   |  True |         127.0.0.1          |   255.0.0.0   |  host  |         .         |
[   18.930141] cloud-init[663]: ci-info: |   lo   |  True |          ::1/128           |       .       |  host  |         .         |
[   18.932721] cloud-init[663]: ci-info: +--------+-------+----------------------------+---------------+--------+-------------------+
[   18.934217] cloud-init[663]: ci-info: ++++++++++++++++++++++++++++Route IPv4 info+++++++++++++++++++++++++++++
[   18.935514] cloud-init[663]: ci-info: +-------+-------------+----------+-----------------+-----------+-------+
[   18.936792] cloud-init[663]: ci-info: | Route | Destination | Gateway  |     Genmask     | Interface | Flags |
[   18.938439] cloud-init[663]: ci-info: +-------+-------------+----------+-----------------+-----------+-------+
[   18.945687] cloud-init[663]: ci-info: |   0   |   0.0.0.0   | 10.0.2.2 |     0.0.0.0     |   enp0s3  |   UG  |
[   18.948058] cloud-init[663]: ci-info: |   1   |   10.0.2.0  | 0.0.0.0  |  255.255.255.0  |   enp0s3  |   U   |
[   18.949867] cloud-init[663]: ci-info: |   2   |   10.0.2.2  | 0.0.0.0  | 255.255.255.255 |   enp0s3  |   UH  |
[   18.951742] cloud-init[663]: ci-info: +-------+-------------+----------+-----------------+-----------+-------+
[   18.956106] cloud-init[663]: ci-info: +++++++++++++++++++Route IPv6 info+++++++++++++++++++
[   18.962590] cloud-init[663]: ci-info: +-------+-------------+---------+-----------+-------+
[   18.966163] cloud-init[663]: ci-info: | Route | Destination | Gateway | Interface | Flags |
[   18.967896] cloud-init[663]: ci-info: +-------+-------------+---------+-----------+-------+
[   18.969191] cloud-init[663]: ci-info: |   1   |  fe80::/64  |    ::   |   enp0s3  |   U   |
[   18.970305] cloud-init[663]: ci-info: |   3   |    local    |    ::   |   enp0s3  |   U   |
[   18.971460] cloud-init[663]: ci-info: |   4   |   ff00::/8  |    ::   |   enp0s3  |   U   |
[   18.972649] cloud-init[663]: ci-info: +-------+-------------+---------+-----------+-------+
[   20.353614] cloud-init[663]: Generating public/private rsa key pair.
[   20.355776] cloud-init[663]: Your identification has been saved in /etc/ssh/ssh_host_rsa_key.
[   20.361752] cloud-init[663]: Your public key has been saved in /etc/ssh/ssh_host_rsa_key.pub.
[   20.363336] cloud-init[663]: The key fingerprint is:
[   20.368738] cloud-init[663]: SHA256:G9NcxwWF9buwCY3n5WNolf6ENDBdoTdv8DY7l2LYr3Y root@ubuntu-bionic
[   20.370478] cloud-init[663]: The key's randomart image is:
[   20.372021] cloud-init[663]: +---[RSA 2048]----+
[   20.373007] cloud-init[663]: |              .**|
[   20.373750] cloud-init[663]: |             ooo.|
[   20.374510] cloud-init[663]: |            +.=o.|
[   20.376301] cloud-init[663]: |         o .o+.o=|
[   20.380403] cloud-init[663]: |        S oo +o*=|
[   20.381481] cloud-init[663]: |         +  *.X==|
[   20.382378] cloud-init[663]: |        .  . X.Xo|
[   20.383220] cloud-init[663]: |            o.+E=|
[   20.384186] cloud-init[663]: |            ..o..|
[   20.388294] cloud-init[663]: +----[SHA256]-----+
[   20.389382] cloud-init[663]: Generating public/private dsa key pair.
[   20.390667] cloud-init[663]: Your identification has been saved in /etc/ssh/ssh_host_dsa_key.
[   20.392463] cloud-init[663]: Your public key has been saved in /etc/ssh/ssh_host_dsa_key.pub.
[   20.396338] cloud-init[663]: The key fingerprint is:
[   20.397372] cloud-init[663]: SHA256:1WygQUa2dsPY9D40g63lay1ut2ysCiZSKaETDgqKu5k root@ubuntu-bionic
[   20.398640] cloud-init[663]: The key's randomart image is:
[   20.399551] cloud-init[663]: +---[DSA 1024]----+
[   20.400243] cloud-init[663]: |       o* o      |
[   20.404328] cloud-init[663]: |       o O B     |
[   20.422467] cloud-init[663]: |o . .   = B @    |
[   20.423269] cloud-init[663]: |=o o . o o O o   |
[   20.424146] cloud-init[663]: |+ + . o S . +    |
[   20.445087] cloud-init[663]: | . . o       +   |
[   20.446275] cloud-init[663]: |.   . . o   +..  |
[   20.447448] cloud-init[663]: | +   . o . o.o+  |
[   20.452290] cloud-init[663]: |E         .oo+o. |
[   20.453288] cloud-init[663]: +----[SHA256]-----+
[   20.476595] cloud-init[663]: Generating public/private ecdsa key pair.
[[0;32m  OK  [0m] Started Initial cloud-init job (metadata service crawler).
[   20.491593] cloud-init[663]: Your identification has been saved in /etc/ssh/ssh_host_ecdsa_key.
[[0;32m  OK  [0m] Reached target System Initialization.
[[0;32m  OK  [0m] Listening on UUID daemon activation socket.
[   20.494349] cloud-init[663]: Your public key has been saved in /etc/ssh/ssh_host_ecdsa_key.pub.
[   20.508758] cloud-init[663]: The key fingerprint is:
[   20.509633] cloud-init[663]: SHA256:W3WLVF0PJJZslN26qLJzZ41Fw6/Lg7gOS3LoQPOhxAo root@ubuntu-bionic
[[0;32m  OK  [0m] Started ACPI Events Check.
[[0;32m  OK  [0m] Listening on D-Bus System Message Bus Socket.
[[   20.523588] cloud-init[663]: The key's randomart image is:
[   20.529112] cloud-init[663]: +---[ECDSA 256]---+
[   20.529879] cloud-init[663]: |           o+=+oo|
[   20.530324] cloud-init[663]: |           .=o..+|
[   20.530373] cloud-init[663]: |           .o....|
[   20.530417] cloud-init[663]: |   .       o o=. |
[   20.530504] cloud-init[663]: |E   = . S . .o.+ |
[   20.530555] cloud-init[663]: | . + + o o  . o .|
[   20.530610] cloud-init[663]: |  . o + =  o = . |
[   20.530690] cloud-init[663]: |     o +oo+ =.+  |
[   20.530747] cloud-init[663]: |      . o*o+  oo |
[0;32m  OK  [0m] Started Daily Cleanup of Temporary Directories.
[[0;32m  OK  [0m] Listening on Open-iSCSI iscsid Socket.
[   20.536733] cloud-init[663]: +----[SHA256]-----+
[   20.537522] cloud-init[663]: Generating public/private ed25519 key pair.
[   20.538495] cloud-init[663]: Your identification has been saved in /etc/ssh/ssh_host_ed25519_key.
[   20.539891] cloud-init[663]: Your public key has been saved in /etc/ssh/ssh_host_ed25519_key.pub.
[   20.542068] cloud-init[663]: The key fingerprint is:
[   20.543129] cloud-init[663]: SHA256:s1CldLuOtiJP5wiTSrYD59iN+Ryww5rMsNSouUXHfME root@ubuntu-bionic
[   20.545435] cloud-init[663]: The key's randomart image is:
         Starting LXD - unix socket.
[   20.567545] cloud-init[663]: [[0;32m  OK  [0m] Started Discard unused blocks once a week.
[[0;32m  OK  [0m] Started Daily apt download activities.
[[0;32m  OK  [0m] Started Daily apt upgrade and clean activities.
[[0;32m  OK  [0m] Started Message of the Day.
[[0;32m  OK  [0m] Reached target Timers.
+--[ED25519 256]--+
[   20.574868] cloud-init[663]: |        . o      |
[   20.575779] cloud-init[663]: |     . . + .     |
[   20.576837] cloud-init[663]: |      E o .      |
         Starting Socket activation for snappy daemon.
[[0;32m  OK  [0m] Listening on ACPID Listen Socket.
[[0;32m  OK  [0m] Reached target Paths.
[[0;32m  OK  [0m] Reached target Cloud-config availability.
[[0;32m  OK  [0m] Reached target Network is Online.
[   20.581835] cloud-init[663]: |   o   o   .     |
[   20.597537] cloud-init[663]: |  o + o S .      |
[   20.598581] cloud-init[663]: |.o++ o . =       |
[   20.599503] cloud-init[663]: |.OB== . = .      |
[   20.602912] cloud-init[663]: |BO*=o=.= .       |
[   20.604642] cloud-init[663]: |B+ooooo.o        |
[   20.606129] cloud-init[663]: +----[SHA256]-----+
[[0;32m  OK  [0m] Reached target Remote File Systems (Pre).
[[0;32m  OK  [0m] Reached target Remote File Systems.
         Starting Availability of block devices...
[[0;32m  OK  [0m] Listening on LXD - unix socket.
[[0;32m  OK  [0m] Listening on Socket activation for snappy daemon.
[[0;32m  OK  [0m] Reached target Sockets.
[[0;32m  OK  [0m] Reached target Basic System.
         Starting Permit User Sessions...
         Starting Accounts Service...
         Starting LSB: automatic crash report generation...
         Starting Virtualbox guest utils...
         Starting Dispatcher daemon for systemd-networkd...
[[0;32m  OK  [0m] Started D-Bus System Message Bus.
[[0;32m  OK  [0m] Started Deferred execution scheduler.
[[0;32m  OK  [0m] Started Regular background program processing daemon.
[[0;32m  OK  [0m] Started irqbalance daemon.
         Starting LSB: Record successful boot for GRUB...
[[0;32m  OK  [0m] Started FUSE filesystem for LXC.
         Starting System Logging Service...
         Starting Snap Daemon...
         Starting Login Service...
         Starting Pollinate to seed the pseudo random number generator...
         Starting LXD - container startup/shutdown...
[[0;32m  OK  [0m] Started System Logging Service.
[[0;32m  OK  [0m] Started Availability of block devices.
[[0;32m  OK  [0m] Started Permit User Sessions.
[[0;32m  OK  [0m] Started Login Service.
[[0;32m  OK  [0m] Started Unattended Upgrades Shutdown.
         Starting Authorization Manager...
         Starting Terminate Plymouth Boot Screen...
         Starting Hold until boot process finishes up...
[[0;32m  OK  [0m] Started Hold until boot process finishes up.
[[0;32m  OK  [0m] Started Serial Getty on ttyS0.
         Starting Set console scheme...
[[0;32m  OK  [0m] Started Terminate Plymouth Boot Screen.
[[0;32m  OK  [0m] Started Set console scheme.
[[0;32m  OK  [0m] Created slice system-getty.slice.
[[0;32m  OK  [0m] Started Getty on tty1.
[[0;32m  OK  [0m] Reached target Login Prompts.
[[0;32m  OK  [0m] Started LSB: automatic crash report generation.
[[0;32m  OK  [0m] Started LSB: Record successful boot for GRUB.
[[0;32m  OK  [0m] Started Dispatcher daemon for systemd-networkd.
[[0;32m  OK  [0m] Started Authorization Manager.
[[0;32m  OK  [0m] Started Accounts Service.
[[0;32m  OK  [0m] Started Virtualbox guest utils.
[[0;32m  OK  [0m] Started LXD - container startup/shutdown.
[[0;32m  OK  [0m] Started Snap Daemon.
         Starting Wait until snapd is fully seeded...
[[0;32m  OK  [0m] Started Pollinate to seed the pseudo random number generator.
         Starting OpenBSD Secure Shell server...
[[0;32m  OK  [0m] Started OpenBSD Secure Shell server.
[[0;32m  OK  [0m] Created slice User Slice of vagrant.
[[0;32m  OK  [0m] Started Session 1 of user vagrant.
         Starting User Manager for UID 1000...
[[0;32m  OK  [0m] Started User Manager for UID 1000.

Ubuntu 18.04.5 LTS ubuntu-bionic ttyS0

ubuntu-bionic login: [   32.832954] cloud-init[1348]: Cloud-init v. 20.2-45-g5f7825e2-0ubuntu1~18.04.1 running 'modules:config' at Fri, 25 Sep 2020 01:52:40 +0000. Up 31.07 seconds.
ci-info: no authorized SSH keys fingerprints found for user ubuntu.
<14>Sep 25 01:52:43 ec2: 
<14>Sep 25 01:52:43 ec2: #############################################################
<14>Sep 25 01:52:43 ec2: -----BEGIN SSH HOST KEY FINGERPRINTS-----
<14>Sep 25 01:52:43 ec2: 1024 SHA256:1WygQUa2dsPY9D40g63lay1ut2ysCiZSKaETDgqKu5k root@ubuntu-bionic (DSA)
<14>Sep 25 01:52:43 ec2: 256 SHA256:W3WLVF0PJJZslN26qLJzZ41Fw6/Lg7gOS3LoQPOhxAo root@ubuntu-bionic (ECDSA)
<14>Sep 25 01:52:43 ec2: 256 SHA256:s1CldLuOtiJP5wiTSrYD59iN+Ryww5rMsNSouUXHfME root@ubuntu-bionic (ED25519)
<14>Sep 25 01:52:43 ec2: 2048 SHA256:G9NcxwWF9buwCY3n5WNolf6ENDBdoTdv8DY7l2LYr3Y root@ubuntu-bionic (RSA)
<14>Sep 25 01:52:43 ec2: -----END SSH HOST KEY FINGERPRINTS-----
<14>Sep 25 01:52:43 ec2: #############################################################
-----BEGIN SSH HOST KEY KEYS-----
ecdsa-sha2-nistp256 AAAAE2VjZHNhLXNoYTItbmlzdHAyNTYAAAAIbmlzdHAyNTYAAABBBOnztBJ1pKlj9goAP9WszBK6B6aW6EvotfY+XZrqhTGtUfmBMKWklH9stcoMHtj6kiQ+7QOI9SOBrnqFGw2mPn0= root@ubuntu-bionic
ssh-ed25519 AAAAC3NzaC1lZDI1NTE5AAAAIH6zNkZIILTkS+k7WpA2PelX5WXEIBP3TOazKl17yDqR root@ubuntu-bionic
ssh-rsa AAAAB3NzaC1yc2EAAAADAQABAAABAQCskcEFIuWVOXDGwrtvnwRaVzQ03CdmpSM0nw5gC0cYQDl+Oc4mhGj8lHPLcG/FSp31fPKY+KQTix+YGXJksClCk5ap8T1vHe0sqkxNSlzs1iPPR1V6StGHTselSmZnOxKcCNlNIuC3kdOT8pBU1nwOs3QVNQgnAO3QtzOW4l5TO/uTCu/lyrhwt1wPBY2o0pdHVQOW12jdjhzdGF+WEwOGeWL3MZBQf1wN6iZs+iDHTqiFkw3LJkYXTh7oeLAcvxLdY54lPacUWiyxtUEcHj+MduQooNg3viW480yB7BtbXuJLfTF/Rlw4t2XsII/q0mjanyHtR15MO9WfHaWop24d root@ubuntu-bionic
-----END SSH HOST KEY KEYS-----
[   34.307731] cloud-init[1558]: Cloud-init v. 20.2-45-g5f7825e2-0ubuntu1~18.04.1 running 'modules:final' at Fri, 25 Sep 2020 01:52:43 +0000. Up 34.04 seconds.
[   34.309780] cloud-init[1558]: ci-info: no authorized SSH keys fingerprints found for user ubuntu.
[   34.310519] cloud-init[1558]: Cloud-init v. 20.2-45-g5f7825e2-0ubuntu1~18.04.1 finished at Fri, 25 Sep 2020 01:52:43 +0000. Datasource DataSourceNoCloud [seed=/dev/sdb][dsmode=net].  Up 34.29 seconds
